[themeperch.net/html/nextpro/index1.html]
[backblue.gif]
[fade.gif]
[index.html]
[themeperch.net/html/nextpro/assets/images/fav-icon/favicon.png]
[themeperch.net/html/nextpro/assets/css/bootstrap.min.css]
[themeperch.net/html/nextpro/assets/css/animate.css]
[themeperch.net/html/nextpro/assets/nextmarketing-icon/custom-icon.css]
[themeperch.net/html/nextpro/assets/css/all.min.css]
[themeperch.net/html/nextpro/assets/css/owl.carousel.min.css]
[themeperch.net/html/nextpro/assets/css/magnific-popup.css]
[themeperch.net/html/nextpro/assets/css/style.css]
[themeperch.net/html/nextpro/transparent]
[themeperch.net/html/nextpro/assets/images/logo-next.png]
[themeperch.net/html/nextpro/assets/images/logo-light.png]
[themeperch.net/html/nextpro/assets/images/home-showcase/home-showcase-1.jpg]
[themeperch.net/html/nextpro/index-one-page.html]
[themeperch.net/html/nextpro/assets/images/home-showcase/home-showcase-2.jpg]
[themeperch.net/html/nextpro/index2.html]
[themeperch.net/html/nextpro/index-one-page2.html]
[themeperch.net/html/nextpro/assets/images/home-showcase/home-showcase-3.jpg]
[themeperch.net/html/nextpro/index3.html]
[themeperch.net/html/nextpro/index-one-page3.html]
[themeperch.net/html/nextpro/assets/images/home-showcase/home-showcase-4.jpg]
[themeperch.net/html/nextpro/index4.html]
[themeperch.net/html/nextpro/index-one-page4.html]
[themeperch.net/html/nextpro/assets/images/home-showcase/home-showcase-5.jpg]
[themeperch.net/html/nextpro/index5.html]
[themeperch.net/html/nextpro/index-one-page5.html]
[themeperch.net/html/nextpro/assets/images/home-showcase/up-coming-showcase.png]
[themeperch.net/html/nextpro/about.html]
[themeperch.net/html/nextpro/contact.html]
[themeperch.net/html/nextpro/team.html]
[themeperch.net/html/nextpro/team-carousel.html]
[themeperch.net/html/nextpro/team-details.html]
[themeperch.net/html/nextpro/career.html]
[themeperch.net/html/nextpro/pricing.html]
[themeperch.net/html/nextpro/career-details.html]
[themeperch.net/html/nextpro/faq.html]
[themeperch.net/html/nextpro/testimonial.html]
[themeperch.net/html/nextpro/not-found.html]
[themeperch.net/html/nextpro/services.html]
[themeperch.net/html/nextpro/services-details.html]
[themeperch.net/html/nextpro/portfolio.html]
[themeperch.net/html/nextpro/portfolio-details.html]
[themeperch.net/html/nextpro/blog.html]
[themeperch.net/html/nextpro/blog2.html]
[themeperch.net/html/nextpro/blog-right-sidebar.html]
[themeperch.net/html/nextpro/blog-right-sidebar2.html]
[themeperch.net/html/nextpro/blog-grid.html]
[themeperch.net/html/nextpro/blog-grid2.html]
[themeperch.net/html/nextpro/blog-list.html]
[themeperch.net/html/nextpro/blog-list-grid.html]
[themeperch.net/html/nextpro/blog-list-right-sidebar.html]
[themeperch.net/html/nextpro/blog-single.html]
[themeperch.net/html/nextpro/blog-single2.html]
[themeperch.net/html/nextpro/blog-single-right-sidebar.html]
[themeperch.net/html/nextpro/assets/images/shapes/Calling1-1.svg]
[themeperch.net/html/nextpro/assets/images/shapes/welcome-icon1-1.png]
[themeperch.net/html/nextpro/assets/images/banner/join-manimg1-1.png]
[themeperch.net/html/nextpro/assets/images/banner/join-manimg1-2.png]
[themeperch.net/html/nextpro/assets/images/banner/join-manimg1-3.png]
[themeperch.net/html/nextpro/assets/images/banner/join-manimg1-4.png]
[themeperch.net/html/nextpro/assets/images/banner/wondered1-1.png]
[themeperch.net/html/nextpro/assets/images/shapes/balance-graph1-1.png]
[themeperch.net/html/nextpro/assets/images/shapes/telegram1-1.png]
[themeperch.net/html/nextpro/assets/images/shapes/chart-graph1-1.png]
[themeperch.net/html/nextpro/assets/images/shapes/picture1-1.png]
[themeperch.net/html/nextpro/assets/images/shapes/mail1-1.png]
[themeperch.net/html/nextpro/assets/images/shapes/comy-logo2-1.png]
[themeperch.net/html/nextpro/assets/images/shapes/comy-logo2-2.png]
[themeperch.net/html/nextpro/assets/images/shapes/comy-logo2-3.png]
[themeperch.net/html/nextpro/assets/images/shapes/comy-logo2-4.png]
[themeperch.net/html/nextpro/assets/images/resource/our-story1-1.png]
[themeperch.net/html/nextpro/assets/images/background/services-bg1-1.png]
[themeperch.net/html/nextpro/assets/images/resource/services1-1.png]
[themeperch.net/html/nextpro/assets/images/resource/services1-2.png]
[themeperch.net/html/nextpro/assets/images/shapes/edit-icon1-1.svg]
[themeperch.net/html/nextpro/assets/images/shapes/discount-icon1-1.svg]
[themeperch.net/html/nextpro/assets/images/shapes/Category.png]
[themeperch.net/html/nextpro/assets/images/shapes/Filter.png]
[themeperch.net/html/nextpro/assets/images/shapes/Shield-Done.png]
[themeperch.net/html/nextpro/assets/images/shapes/provide-bg1-1.png]
[themeperch.net/html/nextpro/assets/images/shapes/Slack.png]
[themeperch.net/html/nextpro/assets/images/shapes/Google-Analytics.png]
[themeperch.net/html/nextpro/assets/images/shapes/Intercom.png]
[themeperch.net/html/nextpro/assets/images/shapes/Google-Ads.png]
[themeperch.net/html/nextpro/assets/images/shapes/Monday.png]
[themeperch.net/html/nextpro/assets/images/shapes/HubSpot.png]
[themeperch.net/html/nextpro/assets/images/shapes/Zoom.png]
[themeperch.net/html/nextpro/assets/images/shapes/Mailchimp.png]
[themeperch.net/html/nextpro/assets/images/shapes/Asana.png]
[themeperch.net/html/nextpro/assets/images/shapes/rocket1-1.png]
[themeperch.net/html/nextpro/assets/images/shapes/process1-2.png]
[themeperch.net/html/nextpro/assets/images/shapes/process1-1.png]
[themeperch.net/html/nextpro/assets/images/resource/dashboard1-1.png]
[themeperch.net/html/nextpro/assets/images/shapes/play-btn1-1.png]
[themeperch.net/html/nextpro/assets/images/resource/strategy1-4.png]
[themeperch.net/html/nextpro/assets/images/resource/strategy1-1.jpg]
[themeperch.net/html/nextpro/assets/images/resource/strategy1-2.jpg]
[themeperch.net/html/nextpro/assets/images/resource/strategy1-3.png]
[themeperch.net/html/nextpro/assets/images/blog/blog-post1-1.png]
[themeperch.net/html/nextpro/assets/images/blog/blog-post1-2.png]
[themeperch.net/html/nextpro/assets/images/blog/blog-post1-3.png]
[themeperch.net/html/nextpro/assets/images/shapes/flag-us.png]
[themeperch.net/html/nextpro/assets/images/shapes/flag-fr.png]
[themeperch.net/html/nextpro/assets/images/shapes/flag-de.png]
[themeperch.net/html/nextpro/assets/images/shapes/flag-ar.png]
[themeperch.net/html/nextpro/assets/js/jquery-3.7.0.min.js]
[themeperch.net/html/nextpro/assets/js/bootstrap.bundle.min.js]
[themeperch.net/html/nextpro/assets/js/owl.carousel.min.js]
[themeperch.net/html/nextpro/assets/js/jquery.magnific-popup.min.js]
[themeperch.net/html/nextpro/assets/js/anime.min.js]
[themeperch.net/html/nextpro/assets/js/animate.js]
[themeperch.net/html/nextpro/assets/js/wow.min.js]
[themeperch.net/html/nextpro/assets/js/theme-mode.js]
[themeperch.net/html/nextpro/assets/js/moving-elments.js]
[themeperch.net/html/nextpro/assets/js/script.js]
[themeperch.net/html/nextpro/index1.html]
[themeperch.net/html/nextpro/assets/css/bootstrap.min.css]
[themeperch.net/html/nextpro/assets/webfonts/fa-brands-400.woff2]
[themeperch.net/html/nextpro/assets/webfonts/fa-brands-400.ttf]
[themeperch.net/html/nextpro/assets/webfonts/fa-duotone-900.woff2]
[themeperch.net/html/nextpro/assets/webfonts/fa-duotone-900.ttf]
[themeperch.net/html/nextpro/assets/webfonts/fa-light-300.woff2]
[themeperch.net/html/nextpro/assets/webfonts/fa-light-300.ttf]
[themeperch.net/html/nextpro/assets/webfonts/fa-regular-400.woff2]
[themeperch.net/html/nextpro/assets/webfonts/fa-regular-400.ttf]
[themeperch.net/html/nextpro/assets/webfonts/fa-solid-900.woff2]
[themeperch.net/html/nextpro/assets/webfonts/fa-solid-900.ttf]
[themeperch.net/html/nextpro/assets/webfonts/fa-thin-100.woff2]
[themeperch.net/html/nextpro/assets/webfonts/fa-thin-100.ttf]
[themeperch.net/html/nextpro/assets/webfonts/fa-v4compatibility.woff2]
[themeperch.net/html/nextpro/assets/webfonts/fa-v4compatibility.ttf]
[themeperch.net/html/nextpro/assets/css/all.min.css]
[themeperch.net/html/nextpro/assets/css/animate.css]
[themeperch.net/html/nextpro/assets/nextmarketing-icon/fonts/icomoone015.eot]
[themeperch.net/html/nextpro/assets/nextmarketing-icon/fonts/icomoone015.ttf]
[themeperch.net/html/nextpro/assets/nextmarketing-icon/fonts/icomoone015.woff]
[themeperch.net/html/nextpro/assets/nextmarketing-icon/fonts/icomoone015.svg]
[themeperch.net/html/nextpro/assets/nextmarketing-icon/custom-icon.css]
[themeperch.net/html/nextpro/assets/css/owl.video.play.png]
[themeperch.net/html/nextpro/assets/css/owl.carousel.min.css]
[themeperch.net/html/nextpro/assets/css/magnific-popup.css]
[themeperch.net/html/nextpro/assets/images/shapes/check-icon-blue.svg]
[themeperch.net/html/nextpro/assets/images/shapes/select-down-arrow.svg]
[themeperch.net/html/nextpro/assets/images/shapes/lang-down-arrow.svg]
[themeperch.net/html/nextpro/assets/images/shapes/select-down-arrow-dark.svg]
[themeperch.net/html/nextpro/assets/images/close.png]
[themeperch.net/html/nextpro/assets/images/shapes/service-shape1-1.png]
[themeperch.net/html/nextpro/assets/images/shapes/send-arrow.png]
[themeperch.net/html/nextpro/assets/images/shapes/send-arrow-hover.png]
[themeperch.net/html/nextpro/assets/css/style.css]
[themeperch.net/html/nextpro/transparent.html]
[themeperch.net/html/nextpro/index-one-page.html]
[themeperch.net/html/nextpro/assets/css/fontawesome.min.css]
[themeperch.net/html/nextpro/assets/css/odometer.css]
[themeperch.net/html/nextpro/assets/images/banner/hero2-1.jpg]
[themeperch.net/html/nextpro/assets/images/resource/our-story2-1.png]
[themeperch.net/html/nextpro/assets/images/testimonial/testimonial-img1-2.png]
[themeperch.net/html/nextpro/assets/images/testimonial/testimonial-img1-1.jpg]
[themeperch.net/html/nextpro/assets/images/shapes/business-consultant-cta-arrow.png]
[themeperch.net/html/nextpro/assets/js/odometer.js]
[themeperch.net/html/nextpro/assets/js/jquery.appear.min.js]
[themeperch.net/html/nextpro/index2.html]
[themeperch.net/html/nextpro/index-one-page2.html]
[themeperch.net/html/nextpro/assets/images/shapes/seo-icon.svg]
[themeperch.net/html/nextpro/assets/images/shapes/social-media-icon.svg]
[themeperch.net/html/nextpro/assets/images/shapes/content-writing-icon.svg]
[themeperch.net/html/nextpro/assets/images/shapes/affiliate-marketing.svg]
[themeperch.net/html/nextpro/assets/images/shapes/email-marketing-icon.svg]
[themeperch.net/html/nextpro/assets/images/shapes/pay-per-icon.svg]
[themeperch.net/html/nextpro/assets/images/shapes/cro-icon.svg]
[themeperch.net/html/nextpro/assets/images/shapes/e-commers-icon.svg]
[themeperch.net/html/nextpro/assets/images/resource/our-story3-1.png]
[themeperch.net/html/nextpro/assets/images/shapes/dynamic-team-icon.svg]
[themeperch.net/html/nextpro/assets/images/shapes/skills-icon.svg]
[themeperch.net/html/nextpro/assets/images/resource/study-img3-1.png]
[themeperch.net/html/nextpro/assets/images/resource/study-img3-2.png]
[themeperch.net/html/nextpro/assets/images/resource/study-img3-3.png]
[themeperch.net/html/nextpro/assets/images/shapes/connectivity-icon.svg]
[themeperch.net/html/nextpro/assets/images/shapes/provide-bg3-1.png]
[themeperch.net/html/nextpro/assets/images/shapes/hubSpot3-2.png]
[themeperch.net/html/nextpro/assets/images/shapes/shopify3-1.png]
[themeperch.net/html/nextpro/assets/images/shapes/zapier3-3.png]
[themeperch.net/html/nextpro/assets/images/shapes/jira3-4.png]
[themeperch.net/html/nextpro/assets/images/shapes/slack3-6.png]
[themeperch.net/html/nextpro/assets/images/shapes/google-analytics3-5.png]
[themeperch.net/html/nextpro/assets/images/shapes/notion3-9.png]
[themeperch.net/html/nextpro/assets/images/shapes/paypal3-7.png]
[themeperch.net/html/nextpro/assets/images/shapes/hotjar3-8.png]
[themeperch.net/html/nextpro/assets/images/shapes/mailchimp3-11.png]
[themeperch.net/html/nextpro/assets/images/shapes/stripe3-12.png]
[themeperch.net/html/nextpro/assets/images/shapes/googledrive3-10.png]
[themeperch.net/html/nextpro/assets/images/shapes/amazon3-13.png]
[themeperch.net/html/nextpro/assets/images/testimonial/testimonial-img3-1.png]
[themeperch.net/html/nextpro/assets/images/shapes/trustpilot-img.png]
[themeperch.net/html/nextpro/assets/images/blog/blog-post3-1.png]
[themeperch.net/html/nextpro/assets/images/blog/blog-post3-2.png]
[themeperch.net/html/nextpro/assets/images/blog/blog-post3-3.png]
[themeperch.net/html/nextpro/assets/images/shapes/google-map-pin.svg]
[themeperch.net/html/nextpro/index3.html]
[themeperch.net/html/nextpro/index-one-page3.html]
[themeperch.net/html/nextpro/assets/images/shapes/mobius-strip4-1.png]
[themeperch.net/html/nextpro/assets/images/shapes/mobius-strip4-2.png]
[themeperch.net/html/nextpro/assets/images/shapes/mobius-strip4-3.png]
[themeperch.net/html/nextpro/assets/images/shapes/mobius-strip4-4.png]
[themeperch.net/html/nextpro/assets/images/shapes/mobius-strip4-5.png]
[themeperch.net/html/nextpro/assets/images/shapes/mobius-strip4-6.png]
[themeperch.net/html/nextpro/assets/images/shapes/mobius-strip4-7.png]
[themeperch.net/html/nextpro/assets/images/shapes/mobius-strip4-8.png]
[themeperch.net/html/nextpro/assets/images/shapes/feature-bg4-1.png]
[themeperch.net/html/nextpro/assets/images/shapes/feature-icon4-1.png]
[themeperch.net/html/nextpro/assets/images/shapes/feature-bg4-2.png]
[themeperch.net/html/nextpro/assets/images/shapes/feature-icon4-2.png]
[themeperch.net/html/nextpro/assets/images/shapes/feature-bg4-3.png]
[themeperch.net/html/nextpro/assets/images/shapes/feature-icon4-3.png]
[themeperch.net/html/nextpro/assets/images/resource/strategy4-1.png]
[themeperch.net/html/nextpro/assets/images/shapes/service-bg4-1.svg]
[themeperch.net/html/nextpro/assets/images/shapes/service-icon4-1.png]
[themeperch.net/html/nextpro/assets/images/shapes/service-bg4-2.svg]
[themeperch.net/html/nextpro/assets/images/shapes/service-icon4-2.png]
[themeperch.net/html/nextpro/assets/images/shapes/service-bg4-3.svg]
[themeperch.net/html/nextpro/assets/images/shapes/service-icon4-3.png]
[themeperch.net/html/nextpro/assets/images/shapes/service-bg4-4.svg]
[themeperch.net/html/nextpro/assets/images/shapes/service-icon4-4.png]
[themeperch.net/html/nextpro/assets/images/shapes/service-bg4-5.svg]
[themeperch.net/html/nextpro/assets/images/shapes/service-icon4-5.png]
[themeperch.net/html/nextpro/assets/images/shapes/service-bg4-6.svg]
[themeperch.net/html/nextpro/assets/images/shapes/service-icon4-6.png]
[themeperch.net/html/nextpro/assets/images/shapes/approach-icon4-1.png]
[themeperch.net/html/nextpro/assets/images/shapes/approach-icon4-2.png]
[themeperch.net/html/nextpro/assets/images/shapes/approach-icon4-3.png]
[themeperch.net/html/nextpro/assets/images/shapes/approach-icon4-4.png]
[themeperch.net/html/nextpro/assets/images/shapes/approach-icon4-5.png]
[themeperch.net/html/nextpro/assets/images/resource/approach-image4-1.jpg]
[themeperch.net/html/nextpro/assets/images/resource/approach-image4-2.jpg]
[themeperch.net/html/nextpro/assets/images/shapes/why-choose-shape4-1.png]
[themeperch.net/html/nextpro/assets/images/shapes/why-choose-shape4-2.png]
[themeperch.net/html/nextpro/assets/images/shapes/why-choose-shape4-3.png]
[themeperch.net/html/nextpro/assets/images/resource/why-choose-img4-1.png]
[themeperch.net/html/nextpro/assets/images/resource/client-img4-1.png]
[themeperch.net/html/nextpro/assets/images/resource/client-img4-5.png]
[themeperch.net/html/nextpro/assets/images/resource/client-img4-7.png]
[themeperch.net/html/nextpro/assets/images/resource/client-img4-2.png]
[themeperch.net/html/nextpro/assets/images/resource/client-img4-6.png]
[themeperch.net/html/nextpro/assets/images/resource/client-img4-10.png]
[themeperch.net/html/nextpro/assets/images/resource/client-img4-3.png]
[themeperch.net/html/nextpro/assets/images/resource/client-img4-8.png]
[themeperch.net/html/nextpro/assets/images/resource/client-img4-12.png]
[themeperch.net/html/nextpro/assets/images/resource/client-img4-4.png]
[themeperch.net/html/nextpro/assets/images/resource/client-img4-9.png]
[themeperch.net/html/nextpro/assets/images/resource/client-img4-11.png]
[themeperch.net/html/nextpro/assets/images/logo-light2.png]
[themeperch.net/html/nextpro/index4.html]
[themeperch.net/html/nextpro/index-one-page4.html]
[themeperch.net/html/nextpro/assets/images/banner/hero-img5-1.jpg]
[themeperch.net/html/nextpro/assets/images/resource/feature5-1.png]
[themeperch.net/html/nextpro/assets/images/resource/feature5-2.png]
[themeperch.net/html/nextpro/assets/images/resource/feature5-3.png]
[themeperch.net/html/nextpro/assets/images/resource/our-story5-2.png]
[themeperch.net/html/nextpro/assets/images/resource/our-story5-4.png]
[themeperch.net/html/nextpro/assets/images/shapes/our-story5-1.png]
[themeperch.net/html/nextpro/assets/images/shapes/our-story5-3.png]
[themeperch.net/html/nextpro/index5.html]
[themeperch.net/html/nextpro/index-one-page5.html]
[themeperch.net/html/nextpro/assets/images/banner/hero-about1-1.jpg]
[themeperch.net/html/nextpro/assets/images/resource/team-about1-1.jpg]
[themeperch.net/html/nextpro/assets/images/resource/team-about1-2.jpg]
[themeperch.net/html/nextpro/assets/images/resource/team-about1-3.jpg]
[themeperch.net/html/nextpro/assets/images/resource/team-about1-4.jpg]
[themeperch.net/html/nextpro/assets/images/resource/team-about1-5.jpg]
[themeperch.net/html/nextpro/assets/images/resource/team-about1-6.jpg]
[themeperch.net/html/nextpro/assets/images/resource/team-about1-7.jpg]
[themeperch.net/html/nextpro/assets/images/resource/team-about1-8.jpg]
[themeperch.net/html/nextpro/about.html]
[themeperch.net/html/nextpro/assets/css/leaflet.css]
[themeperch.net/html/nextpro/contact.html]
[themeperch.net/html/nextpro/assets/js/leaflet.js]
[themeperch.net/html/nextpro/assets/images/resource/team-img1-1.png]
[themeperch.net/html/nextpro/assets/images/shapes/signature.png]
[themeperch.net/html/nextpro/team.html]
[themeperch.net/html/nextpro/team-carousel.html]
[themeperch.net/html/nextpro/team-details.html]
[themeperch.net/html/nextpro/assets/images/resource/career-team1-1.jpg]
[themeperch.net/html/nextpro/career.html]
[themeperch.net/html/nextpro/assets/images/shapes/job-feature-icon1-1.png]
[themeperch.net/html/nextpro/assets/images/shapes/job-feature-icon1-2.png]
[themeperch.net/html/nextpro/assets/images/shapes/job-feature-icon1-3.png]
[themeperch.net/html/nextpro/assets/images/shapes/job-feature-icon1-4.png]
[themeperch.net/html/nextpro/assets/images/shapes/job-feature-icon1-5.png]
[themeperch.net/html/nextpro/assets/images/shapes/job-feature-icon1-6.png]
[themeperch.net/html/nextpro/career-details.html]
[themeperch.net/html/nextpro/pricing.html]
[themeperch.net/html/nextpro/faq.html]
[themeperch.net/html/nextpro/testimonial.html]
[themeperch.net/html/nextpro/assets/images/banner/hero-404.jpg]
[themeperch.net/html/nextpro/not-found.html]
[themeperch.net/html/nextpro/services.html]
[themeperch.net/html/nextpro/assets/images/resource/sergices-details1-1.jpg]
[themeperch.net/html/nextpro/services-details.html]
[themeperch.net/html/nextpro/assets/images/resource/study-img3-4.png]
[themeperch.net/html/nextpro/assets/images/resource/study-img3-5.png]
[themeperch.net/html/nextpro/assets/images/resource/study-img3-6.png]
[themeperch.net/html/nextpro/assets/images/resource/study-img3-7.png]
[themeperch.net/html/nextpro/assets/images/resource/study-img3-8.png]
[themeperch.net/html/nextpro/assets/images/resource/study-img3-9.png]
[themeperch.net/html/nextpro/assets/images/resource/study-img3-10.png]
[themeperch.net/html/nextpro/assets/js/isotope.min.js]
[themeperch.net/html/nextpro/portfolio.html]
[themeperch.net/html/nextpro/assets/images/resource/portfolio-feature1-1.jpg]
[themeperch.net/html/nextpro/portfolio-details.html]
[themeperch.net/html/nextpro/assets/images/shapes/search-icon.png]
[themeperch.net/html/nextpro/assets/images/blog/rescent-post-img1-1.jpg]
[themeperch.net/html/nextpro/assets/images/blog/rescent-post-img1-2.jpg]
[themeperch.net/html/nextpro/assets/images/blog/rescent-post-img1-3.jpg]
[themeperch.net/html/nextpro/assets/images/blog/rescent-post-img1-4.jpg]
[themeperch.net/html/nextpro/assets/images/blog/rescent-post-img1-5.jpg]
[themeperch.net/html/nextpro/assets/images/blog/blog-post3-4.png]
[themeperch.net/html/nextpro/assets/images/blog/blog-post3-5.png]
[themeperch.net/html/nextpro/assets/images/blog/blog-post3-6.png]
[themeperch.net/html/nextpro/assets/images/blog/blog-post3-7.png]
[themeperch.net/html/nextpro/blog.html]
[themeperch.net/html/nextpro/assets/images/blog/blog-post1-4.png]
[themeperch.net/html/nextpro/assets/images/blog/blog-post1-5.png]
[themeperch.net/html/nextpro/assets/images/blog/blog-post1-6.png]
[themeperch.net/html/nextpro/assets/images/blog/blog-post1-7.png]
[themeperch.net/html/nextpro/assets/images/blog/blog-post1-8.png]
[themeperch.net/html/nextpro/assets/images/blog/blog-post1-9.png]
[themeperch.net/html/nextpro/blog2.html]
[themeperch.net/html/nextpro/blog-right-sidebar.html]
[themeperch.net/html/nextpro/blog-right-sidebar2.html]
[themeperch.net/html/nextpro/blog-grid.html]
[themeperch.net/html/nextpro/blog-grid2.html]
[themeperch.net/html/nextpro/assets/images/blog/blog-post1-10.png]
[themeperch.net/html/nextpro/assets/images/blog/posts-author-img1-1.png]
[themeperch.net/html/nextpro/assets/images/blog/blog-post1-11.png]
[themeperch.net/html/nextpro/assets/images/blog/blog-post1-12.png]
[themeperch.net/html/nextpro/blog-list.html]
[themeperch.net/html/nextpro/blog-list-grid.html]
[themeperch.net/html/nextpro/blog-list-right-sidebar.html]
[themeperch.net/html/nextpro/assets/images/blog/single-post1-1.jpg]
[themeperch.net/html/nextpro/assets/images/blog/single-post1-2.jpg]
[themeperch.net/html/nextpro/assets/images/blog/single-post-author.jpg]
[themeperch.net/html/nextpro/assets/images/blog/recent-post1-1.png]
[themeperch.net/html/nextpro/assets/images/blog/recent-post1-2.png]
[themeperch.net/html/nextpro/assets/images/blog/comment-author1-1.jpg]
[themeperch.net/html/nextpro/assets/images/blog/comment-author1-2.jpg]
[themeperch.net/html/nextpro/assets/images/blog/comment-author1-3.jpg]
[themeperch.net/html/nextpro/blog-single.html]
[themeperch.net/html/nextpro/assets/images/blog/blog-single-feature1-1.jpg]
[themeperch.net/html/nextpro/blog-single2.html]
[themeperch.net/html/nextpro/blog-single-right-sidebar.html]
[themeperch.net/html/nextpro/assets/images/shapes/Calling1-1.svg]
[themeperch.net/html/nextpro/assets/images/shapes/info-icon1-1.svg]
[themeperch.net/html/nextpro/assets/images/shapes/edit-icon1-1.svg]
[themeperch.net/html/nextpro/assets/images/shapes/discount-icon1-1.svg]
[themeperch.net/html/nextpro/assets/nextmarketing-icon/fonts/icomoone015.svg]
[themeperch.net/html/nextpro/assets/css/owl.video.play.html]
[themeperch.net/html/nextpro/assets/images/shapes/check-icon-blue.svg]
[themeperch.net/html/nextpro/assets/images/shapes/select-down-arrow.svg]
[themeperch.net/html/nextpro/assets/images/shapes/lang-down-arrow.svg]
[themeperch.net/html/nextpro/assets/images/shapes/select-down-arrow-dark.svg]
[themeperch.net/html/nextpro/assets/css/fontawesome.min.css]
[themeperch.net/html/nextpro/assets/css/odometer.css]
[themeperch.net/html/nextpro/assets/images/shapes/seo-icon.svg]
[themeperch.net/html/nextpro/assets/images/shapes/social-media-icon.svg]
[themeperch.net/html/nextpro/assets/images/shapes/content-writing-icon.svg]
[themeperch.net/html/nextpro/assets/images/shapes/affiliate-marketing.svg]
[themeperch.net/html/nextpro/assets/images/shapes/email-marketing-icon.svg]
[themeperch.net/html/nextpro/assets/images/shapes/pay-per-icon.svg]
[themeperch.net/html/nextpro/assets/images/shapes/cro-icon.svg]
[themeperch.net/html/nextpro/assets/images/shapes/e-commers-icon.svg]
[themeperch.net/html/nextpro/assets/images/shapes/dynamic-team-icon.svg]
[themeperch.net/html/nextpro/assets/images/shapes/skills-icon.svg]
[themeperch.net/html/nextpro/assets/images/shapes/connectivity-icon.svg]
[themeperch.net/html/nextpro/assets/images/shapes/google-map-pin.svg]
[themeperch.net/html/nextpro/assets/images/shapes/service-bg4-1.svg]
[themeperch.net/html/nextpro/assets/images/shapes/service-bg4-2.svg]
[themeperch.net/html/nextpro/assets/images/shapes/service-bg4-3.svg]
[themeperch.net/html/nextpro/assets/images/shapes/service-bg4-4.svg]
[themeperch.net/html/nextpro/assets/images/shapes/service-bg4-5.svg]
[themeperch.net/html/nextpro/assets/images/shapes/service-bg4-6.svg]
[themeperch.net/html/nextpro/assets/css/images/layers.png]
[themeperch.net/html/nextpro/assets/css/images/layers-2x.png]
[themeperch.net/html/nextpro/assets/css/images/marker-icon.png]
[themeperch.net/html/nextpro/assets/css/leaflet.css]
[themeperch.net/html/nextpro/assets/css/images/layers.html]
[themeperch.net/html/nextpro/assets/css/images/layers-2x.html]
